Report Physical info: 
------------------------+----------------+-----------+------------
                        |                |Area (squm)|Leakage (uW)
------------------------+----------------+-----------+------------
Design Name             |carry_skip_adder|           |            
  Total Instances       |             205|        276|       6.140
    Macros              |               0|          0|       0.000
    Pads                |               0|          0|       0.000
    Phys                |               0|          0|       0.000
    Blackboxes          |               0|          0|       0.000
    Cells               |             205|        276|       6.140
      Buffers           |               0|          0|       0.000
      Inverters         |               0|          0|       0.000
      Clock-Gates       |               0|          0|       0.000
      Combinational     |             205|        276|       6.140
      Latches           |               0|          0|       0.000
      FlipFlops         |               0|          0|       0.000
       Single-Bit FF    |               0|          0|       0.000
       Multi-Bit FF     |               0|          0|       0.000
       Clock-Gated      |               0|           |            
       Bits             |               0|          0|       0.000
         Load-Enabled   |               0|           |            
         Clock-Gated    |               0|           |            
  Tristate Pin Count    |               0|           |            
Physical Info           |Placed          |           |            
  Chip Size (mm x mm)   |0.084 x 0.084   |       6974|            
  Fixed Cell Area       |                |          0|            
    Phys Only           |               0|          0|            
  Placeable Area        |                |        523|            
  Movable Cell Area     |                |        276|            
  Utilization (%)       |              52|           |            
  Chip Utilization (%)  |              52|           |            
  Total Wire Length (mm)|           4.243|           |            
  Longest Wire (mm)     |           0.047|           |            
  Average Wire (mm)     |           0.044|           |            
------------------------+----------------+-----------+------------
