Report End Points: 
-----+-------+------+-------+-----+-----+-----+-----+-----------+---------
     |Group  |Launch|Capture|Shift|Delay|Depth|Slack|Begin Point|End Point
-----+-------+------+-------+-----+-----+-----+-----+-----------+---------
1    |default|      |       |     |     |     |     |           |         
-----+-------+------+-------+-----+-----+-----+-----+-----------+---------
Report End Points: 
-----+-----+------+-------+-----+-----+-----+-----+-----------+---------
     |Group|Launch|Capture|Shift|Delay|Depth|Slack|Begin Point|End Point
-----+-----+------+-------+-----+-----+-----+-----+-----------+---------
1    |I2R  |      |       |     |     |     |     |           |         
-----+-----+------+-------+-----+-----+-----+-----+-----------+---------
Report End Points: 
-----+-----+-------+-------+-------+------+-----+-------+-----------+------------
     |Group|Launch |Capture|Shift  |Delay |Depth|Slack  |Begin Point|End Point   
-----+-----+-------+-------+-------+------+-----+-------+-----------+------------
1    |I2O  |vsysclk|vsysclk|20000.0|2704.8|   71|15795.2|i_add2[1]  |o_result[32]
2    |I2O  |vsysclk|vsysclk|20000.0|2634.8|   69|15865.2|i_add2[1]  |o_result[31]
3    |I2O  |vsysclk|vsysclk|20000.0|2562.2|   67|15937.8|i_add2[1]  |o_result[30]
-----+-----+-------+-------+-------+------+-----+-------+-----------+------------
Report End Points: 
-----+-----+------+-------+-----+-----+-----+-----+-----------+---------
     |Group|Launch|Capture|Shift|Delay|Depth|Slack|Begin Point|End Point
-----+-----+------+-------+-----+-----+-----+-----+-----------+---------
1    |R2O  |      |       |     |     |     |     |           |         
-----+-----+------+-------+-----+-----+-----+-----+-----------+---------
