Report End Points: 
-----+-------+------+-------+-----+-----+-----+-----+-----------+---------
     |Group  |Launch|Capture|Shift|Delay|Depth|Slack|Begin Point|End Point
-----+-------+------+-------+-----+-----+-----+-----+-----------+---------
1    |default|      |       |     |     |     |     |           |         
-----+-------+------+-------+-----+-----+-----+-----+-----------+---------
Report End Points: 
-----+-----+------+-------+-----+-----+-----+-----+-----------+---------
     |Group|Launch|Capture|Shift|Delay|Depth|Slack|Begin Point|End Point
-----+-----+------+-------+-----+-----+-----+-----+-----------+---------
1    |I2R  |      |       |     |     |     |     |           |         
-----+-----+------+-------+-----+-----+-----+-----+-----------+---------
Report End Points: 
-----+-----+-------+-------+-------+------+-----+-------+-----------+----------
     |Group|Launch |Capture|Shift  |Delay |Depth|Slack  |Begin Point|End Point 
-----+-----+-------+-------+-------+------+-----+-------+-----------+----------
1    |I2O  |vsysclk|vsysclk|20000.0|6423.7|  133|12076.3|B[0]       |result[22]
2    |I2O  |vsysclk|vsysclk|20000.0|6389.5|  132|12110.5|B[0]       |result[21]
3    |I2O  |vsysclk|vsysclk|20000.0|6355.5|  131|12144.5|B[0]       |result[20]
4    |I2O  |vsysclk|vsysclk|20000.0|6321.7|  130|12178.3|B[0]       |result[19]
5    |I2O  |vsysclk|vsysclk|20000.0|6287.7|  129|12212.3|B[0]       |result[18]
6    |I2O  |vsysclk|vsysclk|20000.0|6253.5|  128|12246.5|B[0]       |result[17]
7    |I2O  |vsysclk|vsysclk|20000.0|6219.7|  127|12280.3|B[0]       |result[16]
8    |I2O  |vsysclk|vsysclk|20000.0|6185.7|  126|12314.3|B[0]       |result[15]
9    |I2O  |vsysclk|vsysclk|20000.0|6151.5|  125|12348.5|B[0]       |result[14]
10   |I2O  |vsysclk|vsysclk|20000.0|6117.5|  124|12382.5|B[0]       |result[13]
11   |I2O  |vsysclk|vsysclk|20000.0|6083.5|  123|12416.5|B[0]       |result[12]
12   |I2O  |vsysclk|vsysclk|20000.0|6049.7|  122|12450.3|B[0]       |result[11]
13   |I2O  |vsysclk|vsysclk|20000.0|6015.6|  121|12484.4|B[0]       |result[10]
14   |I2O  |vsysclk|vsysclk|20000.0|5981.5|  120|12518.5|B[0]       |result[9] 
15   |I2O  |vsysclk|vsysclk|20000.0|5947.6|  119|12552.4|B[0]       |result[8] 
16   |I2O  |vsysclk|vsysclk|20000.0|5913.6|  118|12586.4|B[0]       |result[7] 
17   |I2O  |vsysclk|vsysclk|20000.0|5879.5|  117|12620.5|B[0]       |result[6] 
18   |I2O  |vsysclk|vsysclk|20000.0|5845.5|  116|12654.5|B[0]       |result[5] 
19   |I2O  |vsysclk|vsysclk|20000.0|5811.5|  115|12688.5|B[0]       |result[4] 
20   |I2O  |vsysclk|vsysclk|20000.0|5777.6|  114|12722.4|B[0]       |result[3] 
21   |I2O  |vsysclk|vsysclk|20000.0|5743.6|  113|12756.4|B[0]       |result[2] 
22   |I2O  |vsysclk|vsysclk|20000.0|5709.5|  112|12790.5|B[0]       |result[1] 
23   |I2O  |vsysclk|vsysclk|20000.0|5673.2|  111|12826.8|B[0]       |result[0] 
24   |I2O  |vsysclk|vsysclk|20000.0|5497.6|  100|13002.4|B[0]       |result[30]
25   |I2O  |vsysclk|vsysclk|20000.0|5474.7|   99|13025.3|B[0]       |result[29]
26   |I2O  |vsysclk|vsysclk|20000.0|5402.2|   98|13097.8|B[0]       |result[28]
27   |I2O  |vsysclk|vsysclk|20000.0|5329.9|   97|13170.1|B[0]       |result[27]
28   |I2O  |vsysclk|vsysclk|20000.0|5257.4|   96|13242.6|B[0]       |result[26]
29   |I2O  |vsysclk|vsysclk|20000.0|5219.2|   99|13280.8|B[0]       |result[24]
30   |I2O  |vsysclk|vsysclk|20000.0|5219.0|   99|13281.0|B[0]       |result[25]
31   |I2O  |vsysclk|vsysclk|20000.0|5145.9|  100|13354.1|B[0]       |result[23]
32   |I2O  |vsysclk|vsysclk|20000.0|1188.4|   31|17311.6|B[0]       |result[31]
-----+-----+-------+-------+-------+------+-----+-------+-----------+----------
Report End Points: 
-----+-----+------+-------+-----+-----+-----+-----+-----------+---------
     |Group|Launch|Capture|Shift|Delay|Depth|Slack|Begin Point|End Point
-----+-----+------+-------+-----+-----+-----+-----+-----------+---------
1    |R2O  |      |       |     |     |     |     |           |         
-----+-----+------+-------+-----+-----+-----+-----+-----------+---------
