warning: No library characterized for (process = 1.00 voltage = 0.85 temperature = 25.00) can be found in the database for power domain '/PD_TOP'  [NL-174]
Report Power (instances with prefix '*' are included in total) : 
-----+--------------+--------------------+---------------------+-------------------+-----------------
     | Instance     | Internal Power(uw) | Switching Power(uw) | Leakage Power(uw) | Total Power(uw) 
-----+--------------+--------------------+---------------------+-------------------+-----------------
1    |*bits_28_to_31|            4.236482|             2.054797|           0.779328|         7.070608
2    |*bits_24_to_27|            4.234238|             1.980470|           0.779328|         6.994036
3    |*bits_20_to_23|            4.234257|             1.985132|           0.779328|         6.998717
4    |*bits_16_to_19|            4.234232|             1.979508|           0.779328|         6.993068
5    |*bits_12_to_15|            4.234231|             1.984146|           0.779328|         6.997705
6    |*bits_8_to_11 |            4.233949|             1.978232|           0.779328|         6.991509
7    |*bits_4_to_7  |            4.230919|             1.979346|           0.779328|         6.989593
8    |*bits_0_to_3  |            4.006327|             1.807027|           0.684541|         6.497895
9    |              |                    |                     |                   |                 
10   |*TOTAL        |           33.644634|            15.748658|           6.139839|        55.533134
-----+--------------+--------------------+---------------------+-------------------+-----------------
