Report for group default
Report for group I2R
Report for group I2O
------------------------------------------------------------------------------------------------------------------------------------------------------------
Startpoint: b[1]
    (Clocked by vsysclk R)
Endpoint: sum[32]
    (Clocked by vsysclk R)
Path Group: I2O
Data required time: 19500.0
    (Clock shift: 20000.0, minus Uncertainty: 0.0, plus Latency 0.0, minus Out delay: 500.0)
Data arrival time: 3140.2
Slack: 16359.8
Logic depth: 65
------------------------------------------------------------------------------------------------------------------------------------------------------------
                                                     Arrival               Arc      Net               Net    Total   fan-                                   
Path                     Module/Cell           Edge     Time    Delay    Delay    Delay     Slew     Load     Load    out     Location Power Domain      (V)
                                                        (ps)     (ps)     (ps)     (ps)     (ps)     (ff)     (ff)    (#)      (um,um)                      
------------------------------------------------------------------------------------------------------------------------------------------------------------
b[1]                     {set_input_delay}        r   1000.0   1000.0   1000.0                        2.4     12.0      3    83,   42                       
genblk1_0_fa/h1/i_0_0/B->Z
                         XOR2_X2                 rf   1012.3     12.3     12.1      0.2   1000.0      0.5      5.9      2    41,   41  /PD_TOP        (1.10)
genblk1_0_fa/h2/i_0_1/A1->ZN
                         AND2_X4                 ff   1039.8     27.5     27.5      0.0     13.5      0.3      2.4      1    41,   41  /PD_TOP        (1.10)
genblk1_0_fa/i_0_0/A1->ZN
                         OR2_X4                  ff   1079.9     40.1     40.1      0.0      5.1      0.5      6.2      2    41,   41  /PD_TOP        (1.10)
genblk1_1_fa/h2/i_0_1/A2->ZN
                         AND2_X4                 ff   1107.3     27.4     27.4      0.0      8.8      0.3      2.4      1    41,   41  /PD_TOP        (1.10)
genblk1_1_fa/i_0_0/A1->ZN
                         OR2_X4                  ff   1147.4     40.1     40.1      0.0      5.1      0.5      6.2      2    41,   41  /PD_TOP        (1.10)
genblk1_2_fa/h2/i_0_1/A2->ZN
                         AND2_X4                 ff   1174.8     27.4     27.4      0.0      8.8      0.3      2.4      1    41,   41  /PD_TOP        (1.10)
genblk1_2_fa/i_0_0/A1->ZN
                         OR2_X4                  ff   1214.9     40.1     40.1      0.0      5.1      0.5      6.2      2    41,   41  /PD_TOP        (1.10)
genblk1_3_fa/h2/i_0_1/A2->ZN
                         AND2_X4                 ff   1242.3     27.4     27.4      0.0      8.8      0.3      2.4      1    41,   41  /PD_TOP        (1.10)
genblk1_3_fa/i_0_0/A1->ZN
                         OR2_X4                  ff   1282.4     40.1     40.1      0.0      5.1      0.5      6.2      2    41,   41  /PD_TOP        (1.10)
genblk1_4_fa/h2/i_0_1/A2->ZN
                         AND2_X4                 ff   1309.8     27.4     27.4      0.0      8.8      0.3      2.4      1    41,   41  /PD_TOP        (1.10)
genblk1_4_fa/i_0_0/A1->ZN
                         OR2_X4                  ff   1349.9     40.1     40.1      0.0      5.1      0.5      6.2      2    41,   41  /PD_TOP        (1.10)
genblk1_5_fa/h2/i_0_1/A2->ZN
                         AND2_X4                 ff   1377.3     27.4     27.4      0.0      8.8      0.3      2.4      1    41,   41  /PD_TOP        (1.10)
genblk1_5_fa/i_0_0/A1->ZN
                         OR2_X4                  ff   1417.4     40.1     40.1      0.0      5.1      0.5      6.2      2    41,   41  /PD_TOP        (1.10)
genblk1_6_fa/h2/i_0_1/A2->ZN
                         AND2_X4                 ff   1444.8     27.4     27.4      0.0      8.8      0.3      2.4      1    41,   41  /PD_TOP        (1.10)
genblk1_6_fa/i_0_0/A1->ZN
                         OR2_X4                  ff   1484.9     40.1     40.1      0.0      5.1      0.5      6.2      2    41,   41  /PD_TOP        (1.10)
genblk1_7_fa/h2/i_0_1/A2->ZN
                         AND2_X4                 ff   1512.3     27.4     27.4      0.0      8.8      0.3      2.4      1    41,   41  /PD_TOP        (1.10)
genblk1_7_fa/i_0_0/A1->ZN
                         OR2_X4                  ff   1552.4     40.1     40.1      0.0      5.1      0.5      6.2      2    41,   41  /PD_TOP        (1.10)
genblk1_8_fa/h2/i_0_1/A2->ZN
                         AND2_X4                 ff   1579.8     27.4     27.4      0.0      8.8      0.3      2.4      1    41,   41  /PD_TOP        (1.10)
genblk1_8_fa/i_0_0/A1->ZN
                         OR2_X4                  ff   1619.9     40.1     40.1      0.0      5.1      0.5      6.2      2    41,   41  /PD_TOP        (1.10)
genblk1_9_fa/h2/i_0_1/A2->ZN
                         AND2_X4                 ff   1647.3     27.4     27.4      0.0      8.8      0.3      2.4      1    41,   41  /PD_TOP        (1.10)
genblk1_9_fa/i_0_0/A1->ZN
                         OR2_X4                  ff   1687.4     40.1     40.1      0.0      5.1      0.5      6.2      2    41,   41  /PD_TOP        (1.10)
genblk1_10_fa/h2/i_0_1/A2->ZN
                         AND2_X4                 ff   1714.8     27.4     27.4      0.0      8.8      0.3      2.4      1    41,   41  /PD_TOP        (1.10)
genblk1_10_fa/i_0_0/A1->ZN
                         OR2_X4                  ff   1754.9     40.1     40.1      0.0      5.1      0.5      6.2      2    41,   41  /PD_TOP        (1.10)
genblk1_11_fa/h2/i_0_1/A2->ZN
                         AND2_X4                 ff   1782.3     27.4     27.4      0.0      8.8      0.3      2.4      1    41,   41  /PD_TOP        (1.10)
genblk1_11_fa/i_0_0/A1->ZN
                         OR2_X4                  ff   1822.4     40.1     40.1      0.0      5.1      0.5      6.2      2    41,   41  /PD_TOP        (1.10)
genblk1_12_fa/h2/i_0_1/A2->ZN
                         AND2_X4                 ff   1849.8     27.4     27.4      0.0      8.8      0.3      2.4      1    41,   41  /PD_TOP        (1.10)
genblk1_12_fa/i_0_0/A1->ZN
                         OR2_X4                  ff   1889.9     40.1     40.1      0.0      5.1      0.5      6.2      2    41,   41  /PD_TOP        (1.10)
genblk1_13_fa/h2/i_0_1/A2->ZN
                         AND2_X4                 ff   1917.3     27.4     27.4      0.0      8.8      0.3      2.4      1    41,   41  /PD_TOP        (1.10)
genblk1_13_fa/i_0_0/A1->ZN
                         OR2_X4                  ff   1957.4     40.1     40.1      0.0      5.1      0.5      6.2      2    41,   41  /PD_TOP        (1.10)
genblk1_14_fa/h2/i_0_1/A2->ZN
                         AND2_X4                 ff   1984.8     27.4     27.4      0.0      8.8      0.3      2.4      1    41,   41  /PD_TOP        (1.10)
genblk1_14_fa/i_0_0/A1->ZN
                         OR2_X4                  ff   2024.9     40.1     40.1      0.0      5.1      0.5      6.2      2    41,   41  /PD_TOP        (1.10)
genblk1_15_fa/h2/i_0_1/A2->ZN
                         AND2_X4                 ff   2052.3     27.4     27.4      0.0      8.8      0.3      2.4      1    41,   41  /PD_TOP        (1.10)
genblk1_15_fa/i_0_0/A1->ZN
                         OR2_X4                  ff   2092.4     40.1     40.1      0.0      5.1      0.5      6.2      2    41,   41  /PD_TOP        (1.10)
genblk1_16_fa/h2/i_0_1/A2->ZN
                         AND2_X4                 ff   2119.8     27.4     27.4      0.0      8.8      0.3      2.4      1    41,   41  /PD_TOP        (1.10)
genblk1_16_fa/i_0_0/A1->ZN
                         OR2_X4                  ff   2159.9     40.1     40.1      0.0      5.1      0.5      6.2      2    41,   41  /PD_TOP        (1.10)
genblk1_17_fa/h2/i_0_1/A2->ZN
                         AND2_X4                 ff   2187.3     27.4     27.4      0.0      8.8      0.3      2.4      1    41,   41  /PD_TOP        (1.10)
genblk1_17_fa/i_0_0/A1->ZN
                         OR2_X4                  ff   2227.4     40.1     40.1      0.0      5.1      0.5      6.2      2    41,   41  /PD_TOP        (1.10)
genblk1_18_fa/h2/i_0_1/A2->ZN
                         AND2_X4                 ff   2254.8     27.4     27.4      0.0      8.8      0.3      2.4      1    41,   41  /PD_TOP        (1.10)
genblk1_18_fa/i_0_0/A1->ZN
                         OR2_X4                  ff   2294.9     40.1     40.1      0.0      5.1      0.5      6.2      2    41,   41  /PD_TOP        (1.10)
genblk1_19_fa/h2/i_0_1/A2->ZN
                         AND2_X4                 ff   2322.3     27.4     27.4      0.0      8.8      0.3      2.4      1    41,   41  /PD_TOP        (1.10)
genblk1_19_fa/i_0_0/A1->ZN
                         OR2_X4                  ff   2362.4     40.1     40.1      0.0      5.1      0.5      6.2      2    41,   41  /PD_TOP        (1.10)
genblk1_20_fa/h2/i_0_1/A2->ZN
                         AND2_X4                 ff   2389.8     27.4     27.4      0.0      8.8      0.3      2.4      1    41,   41  /PD_TOP        (1.10)
genblk1_20_fa/i_0_0/A1->ZN
                         OR2_X4                  ff   2429.9     40.1     40.1      0.0      5.1      0.5      6.2      2    41,   41  /PD_TOP        (1.10)
genblk1_21_fa/h2/i_0_1/A2->ZN
                         AND2_X4                 ff   2457.3     27.4     27.4      0.0      8.8      0.3      2.4      1    41,   41  /PD_TOP        (1.10)
genblk1_21_fa/i_0_0/A1->ZN
                         OR2_X4                  ff   2497.4     40.1     40.1      0.0      5.1      0.5      6.2      2    41,   41  /PD_TOP        (1.10)
genblk1_22_fa/h2/i_0_1/A2->ZN
                         AND2_X4                 ff   2524.8     27.4     27.4      0.0      8.8      0.3      2.4      1    41,   41  /PD_TOP        (1.10)
genblk1_22_fa/i_0_0/A1->ZN
                         OR2_X4                  ff   2564.9     40.1     40.1      0.0      5.1      0.5      6.2      2    41,   41  /PD_TOP        (1.10)
genblk1_23_fa/h2/i_0_1/A2->ZN
                         AND2_X4                 ff   2592.3     27.4     27.4      0.0      8.8      0.3      2.4      1    41,   41  /PD_TOP        (1.10)
genblk1_23_fa/i_0_0/A1->ZN
                         OR2_X4                  ff   2632.4     40.1     40.1      0.0      5.1      0.5      6.2      2    41,   41  /PD_TOP        (1.10)
genblk1_24_fa/h2/i_0_1/A2->ZN
                         AND2_X4                 ff   2659.8     27.4     27.4      0.0      8.8      0.3      2.4      1    41,   41  /PD_TOP        (1.10)
genblk1_24_fa/i_0_0/A1->ZN
                         OR2_X4                  ff   2699.9     40.1     40.1      0.0      5.1      0.5      6.2      2    41,   41  /PD_TOP        (1.10)
genblk1_25_fa/h2/i_0_1/A2->ZN
                         AND2_X4                 ff   2727.3     27.4     27.4      0.0      8.8      0.3      2.4      1    41,   41  /PD_TOP        (1.10)
genblk1_25_fa/i_0_0/A1->ZN
                         OR2_X4                  ff   2767.4     40.1     40.1      0.0      5.1      0.5      6.2      2    41,   41  /PD_TOP        (1.10)
genblk1_26_fa/h2/i_0_1/A2->ZN
                         AND2_X4                 ff   2794.8     27.4     27.4      0.0      8.8      0.3      2.4      1    41,   41  /PD_TOP        (1.10)
genblk1_26_fa/i_0_0/A1->ZN
                         OR2_X4                  ff   2834.9     40.1     40.1      0.0      5.1      0.5      6.2      2    41,   41  /PD_TOP        (1.10)
genblk1_27_fa/h2/i_0_1/A2->ZN
                         AND2_X4                 ff   2862.3     27.4     27.4      0.0      8.8      0.3      2.4      1    41,   41  /PD_TOP        (1.10)
genblk1_27_fa/i_0_0/A1->ZN
                         OR2_X4                  ff   2902.4     40.1     40.1      0.0      5.1      0.5      6.2      2    41,   41  /PD_TOP        (1.10)
genblk1_28_fa/h2/i_0_1/A2->ZN
                         AND2_X4                 ff   2929.8     27.4     27.4      0.0      8.8      0.3      2.4      1    41,   41  /PD_TOP        (1.10)
genblk1_28_fa/i_0_0/A1->ZN
                         OR2_X4                  ff   2969.9     40.1     40.1      0.0      5.1      0.5      6.2      2    41,   41  /PD_TOP        (1.10)
genblk1_29_fa/h2/i_0_1/A2->ZN
                         AND2_X4                 ff   2997.3     27.4     27.4      0.0      8.8      0.3      2.4      1    41,   41  /PD_TOP        (1.10)
genblk1_29_fa/i_0_0/A1->ZN
                         OR2_X4                  ff   3037.4     40.1     40.1      0.0      5.1      0.5      6.2      2    41,   41  /PD_TOP        (1.10)
genblk1_30_fa/h2/i_0_1/A2->ZN
                         AND2_X4                 ff   3064.8     27.4     27.4      0.0      8.8      0.3      2.4      1    41,   41  /PD_TOP        (1.10)
genblk1_30_fa/i_0_0/A1->ZN
                         OR2_X4                  ff   3114.6     49.8     49.8      0.0      5.1      0.3     25.7      1    41,   41  /PD_TOP        (1.10)
i_0_0_43/A->ZN           INV_X8                  fr   3126.5     11.9     11.9      0.0     13.8      0.3      4.2      1    41,   41  /PD_TOP        (1.10)
i_0_0_0/A->ZN            AOI21_X4                rf   3139.9     13.4     13.4      0.0      5.3      2.7     12.7      1    41,   41  /PD_TOP        (1.10)
sum[32]                                           f   3140.2      0.3               0.3     11.1                             83,   48                       
------------------------------------------------------------------------------------------------------------------------------------------------------------
Report for group R2O
