Report for group default
Report for group I2R
Report for group I2O
------------------------------------------------------------------------------------------------------------------------------------------------------------
Startpoint: B[0]
    (Clocked by vsysclk R)
Endpoint: result[22]
    (Clocked by vsysclk R)
Path Group: I2O
Data required time: 19500.0
    (Clock shift: 20000.0, minus Uncertainty: 0.0, plus Latency 0.0, minus Out delay: 500.0)
Data arrival time: 7423.7
Slack: 12076.3
Logic depth: 133
------------------------------------------------------------------------------------------------------------------------------------------------------------
                                                     Arrival               Arc      Net               Net    Total   fan-                                   
Path                     Module/Cell           Edge     Time    Delay    Delay    Delay     Slew     Load     Load    out     Location Power Domain      (V)
                                                        (ps)     (ps)     (ps)     (ps)     (ps)     (ff)     (ff)    (#)      (um,um)                      
------------------------------------------------------------------------------------------------------------------------------------------------------------
B[0]                     {set_input_delay}        r   1000.0   1000.0   1000.0                        3.3     93.1      6    61,    0                       
nnrm/com/i_0_154/A->ZN   OAI211_X4               rf   1097.4     97.4     97.0      0.4   1000.0      0.3      4.3      1    61,   58  /PD_TOP        (1.10)
nnrm/com/i_0_153/A->ZN   OAI21_X4*               fr   1136.3     38.9     38.9      0.0     14.5      0.6     30.1      2    61,   58  /PD_TOP        (1.10)
nnrm/com/i_0_152/A->ZN   INV_X8                  rf   1142.7      6.4      6.4      0.0     15.3      0.3      2.7      1    61,   58  /PD_TOP        (1.10)
nnrm/com/i_0_150/B2->ZN  OAI221_X2               fr   1192.6     49.9     49.9      0.0      3.3      0.4      3.0      1    61,   58  /PD_TOP        (1.10)
nnrm/com/i_0_149/A->ZN   OAI221_X2               rf   1233.6     41.0     41.0      0.0     37.5      0.4      3.0      1    61,   58  /PD_TOP        (1.10)
nnrm/com/i_0_148/A->ZN   OAI221_X2               fr   1260.7     27.1     27.1      0.0     17.5      0.4      3.0      1    61,   58  /PD_TOP        (1.10)
nnrm/com/i_0_147/A->ZN   OAI221_X2               rf   1301.7     41.0     41.0      0.0     37.5      0.4      3.0      1    61,   58  /PD_TOP        (1.10)
nnrm/com/i_0_146/A->ZN   OAI221_X2               fr   1328.8     27.1     27.1      0.0     17.5      0.4      3.0      1    61,   58  /PD_TOP        (1.10)
nnrm/com/i_0_145/A->ZN   OAI221_X2               rf   1369.8     41.0     41.0      0.0     37.5      0.4      3.0      1    61,   58  /PD_TOP        (1.10)
nnrm/com/i_0_144/A->ZN   OAI221_X2               fr   1396.9     27.1     27.1      0.0     17.5      0.4      3.0      1    61,   58  /PD_TOP        (1.10)
nnrm/com/i_0_143/A->ZN   OAI221_X2               rf   1437.9     41.0     41.0      0.0     37.5      0.4      3.0      1    61,   58  /PD_TOP        (1.10)
nnrm/com/i_0_142/A->ZN   OAI221_X2               fr   1465.0     27.1     27.1      0.0     17.5      0.4      3.0      1    61,   58  /PD_TOP        (1.10)
nnrm/com/i_0_141/A->ZN   OAI221_X2               rf   1506.0     41.0     41.0      0.0     37.5      0.4      3.0      1    61,   58  /PD_TOP        (1.10)
nnrm/com/i_0_140/A->ZN   OAI221_X2               fr   1533.1     27.1     27.1      0.0     17.5      0.4      3.0      1    61,   58  /PD_TOP        (1.10)
nnrm/com/i_0_139/A->ZN   OAI221_X2               rf   1574.1     41.0     41.0      0.0     37.5      0.4      3.0      1    61,   58  /PD_TOP        (1.10)
nnrm/com/i_0_138/A->ZN   OAI221_X2               fr   1601.2     27.1     27.1      0.0     17.5      0.4      3.0      1    61,   58  /PD_TOP        (1.10)
nnrm/com/i_0_137/A->ZN   OAI221_X2               rf   1642.2     41.0     41.0      0.0     37.5      0.4      3.0      1    61,   58  /PD_TOP        (1.10)
nnrm/com/i_0_136/A->ZN   OAI221_X2               fr   1669.3     27.1     27.1      0.0     17.5      0.4      3.0      1    61,   58  /PD_TOP        (1.10)
nnrm/com/i_0_135/A->ZN   OAI221_X2               rf   1710.3     41.0     41.0      0.0     37.5      0.4      3.0      1    61,   58  /PD_TOP        (1.10)
nnrm/com/i_0_134/A->ZN   OAI221_X2               fr   1739.0     28.7     28.7      0.0     17.5      0.4      4.3      1    61,   58  /PD_TOP        (1.10)
nnrm/com/i_0_133/A->ZN   OAI21_X4                rf   1764.5     25.5     25.5      0.0     40.8      0.3      4.3      1    61,   58  /PD_TOP        (1.10)
nnrm/com/i_0_132/A->ZN   OAI21_X2                fr   1784.1     19.6     19.6      0.0      9.4      0.4      2.9      1    61,   58  /PD_TOP        (1.10)
nnrm/com/i_0_131/A->ZN   OAI221_X2               rf   1818.6     34.5     34.5      0.0     16.8      0.4      3.0      1    61,   58  /PD_TOP        (1.10)
nnrm/com/i_0_130/A->ZN   OAI221_X2               fr   1845.7     27.1     27.1      0.0     17.5      0.4      3.0      1    61,   58  /PD_TOP        (1.10)
nnrm/com/i_0_129/A->ZN   OAI221_X2               rf   1889.3     43.6     43.6      0.0     37.5      0.4      4.5      1    61,   58  /PD_TOP        (1.10)
nnrm/com/i_0_111/B->ZN   OAI211_X4               fr   1918.4     29.1     29.1      0.0     19.5      0.4      4.5      1    61,   58  /PD_TOP        (1.10)
nnrm/com/i_0_102/B->ZN   OAI211_X4*              rf   2011.0     92.6     92.6      0.0     21.6     21.9    269.7     59    61,   58  /PD_TOP        (1.10)
nnrm/com/i_0_95/B3->ZN   OAI33_X1                fr   2286.2    275.2    274.2      1.0     15.3      0.3     25.8      1    61,   58  /PD_TOP        (1.10)
nnrm/com/i_0_94/A->ZN    INV_X8                  rf   2278.3     -7.9     -7.9      0.0    240.8      0.6      8.5      2    61,   58  /PD_TOP        (1.10)
nnrm/com/i_0_27/A->ZN    OAI21_X4                fr   2309.0     30.7     30.7      0.0      3.9      0.3     25.7      1    61,   58  /PD_TOP        (1.10)
nnrm/com/i_0_26/A->ZN    INV_X8                  rf   2317.4      8.4      8.4      0.0     43.3      0.6      7.8      2    61,   58  /PD_TOP        (1.10)
nnrm/com/i_0_24/B1->ZN   OAI21_X4*               fr   2372.6     55.2     55.2      0.0      3.9      0.6     28.6      2    61,   58  /PD_TOP        (1.10)
nnrm/com/i_0_23/A->ZN    INV_X8                  rf   2379.4      6.8      6.8      0.0     15.3      0.3      4.1      1    61,   58  /PD_TOP        (1.10)
nnrm/com/i_0_21/A4->ZN   NOR4_X4                 fr   2470.5     91.1     91.1      0.0      3.4      0.7      8.7      2    61,   58  /PD_TOP        (1.10)
nnrm/com/i_0_13/B1->ZN   OAI22_X4*               rf   2517.8     47.3     47.3      0.0     53.3      0.9     32.4      3    61,   58  /PD_TOP        (1.10)
nnrm/com/i_0_4/A->ZN     AOI21_X4                fr   2565.5     47.7     47.7      0.0     15.3      0.7      8.9      2    61,   58  /PD_TOP        (1.10)
nnrm/com/i_0_1/B->ZN     OAI211_X4               rf   2613.6     48.1     48.1      0.0     27.1      0.3     25.8      1    61,   58  /PD_TOP        (1.10)
nnrm/com/i_0_0/A->ZN     INV_X32                 fr   2638.1     24.5     24.5      0.0     28.4      7.8     66.2     25    61,   58  /PD_TOP        (1.10)
nnrm/sh/genblk1_1_m2/i_0_0/S->Z
                         MUX2_X2*                rf   2734.8     96.7     96.4      0.3      9.9      0.6     27.4      2    61,   58  /PD_TOP        (1.10)
nnrm/sh/genblk1_3_m4/i_0_0/B->Z
                         MUX2_X2*                ff   2817.0     82.2     82.2      0.0     15.3      0.6     27.4      2    61,   58  /PD_TOP        (1.10)
nnrm/sh/genblk1_3_m5/i_0_0/A->ZN
                         INV_X8                  fr   2829.6     12.6     12.6      0.0     15.3      0.3      4.5      1    61,   58  /PD_TOP        (1.10)
nnrm/sh/genblk1_3_m5/i_0_1/A1->ZN
                         NOR2_X4*                rf   2844.5     14.9     14.9      0.0      5.3      0.6     27.3      2    61,   58  /PD_TOP        (1.10)
nnrm/sh/genblk1_11_m8/i_0_0/B->Z
                         MUX2_X2*                ff   2926.7     82.2     82.2      0.0     15.3      0.6     27.4      2    61,   58  /PD_TOP        (1.10)
nnrm/sh/genblk1_27_m10/i_0_0/B->Z
                         MUX2_X2                 ff   2984.4     57.7     57.7      0.0     15.3      0.3      2.5      1    61,   58  /PD_TOP        (1.10)
mxaddr/i_0_34/A2->ZN     AND2_X4                 ff   3014.3     29.9     29.9      0.0     11.0      0.5      4.8      2    61,   58  /PD_TOP        (1.10)
ba/so/i_0_30/A2->ZN      AND2_X4                 ff   3051.6     37.3     37.3      0.0      5.7      0.6     29.4      2    61,   58  /PD_TOP        (1.10)
ba/add/i_1/i_0/B->CO     HA_X1                   ff   3086.2     34.6     34.6      0.0     11.6      0.3      3.1      1    61,   58  /PD_TOP        (1.10)
ba/add/i_1/i_1/CI->CO    FA_X1                   ff   3155.9     69.7     69.7      0.0      7.4      0.4      3.1      1    61,   58  /PD_TOP        (1.10)
ba/add/i_1/i_2/CI->CO    FA_X1                   ff   3228.4     72.5     72.5      0.0     15.1      0.4      3.1      1    61,   58  /PD_TOP        (1.10)
ba/add/i_1/i_3/CI->CO    FA_X1                   ff   3300.9     72.5     72.5      0.0     15.1      0.4      3.1      1    61,   58  /PD_TOP        (1.10)
ba/add/i_1/i_4/CI->CO    FA_X1                   ff   3373.4     72.5     72.5      0.0     15.1      0.4      3.1      1    61,   58  /PD_TOP        (1.10)
ba/add/i_1/i_5/CI->CO    FA_X1                   ff   3445.9     72.5     72.5      0.0     15.1      0.4      3.1      1    61,   58  /PD_TOP        (1.10)
ba/add/i_1/i_6/CI->CO    FA_X1                   ff   3518.4     72.5     72.5      0.0     15.1      0.4      3.1      1    61,   58  /PD_TOP        (1.10)
ba/add/i_1/i_7/CI->CO    FA_X1                   ff   3590.9     72.5     72.5      0.0     15.1      0.4      3.1      1    61,   58  /PD_TOP        (1.10)
ba/add/i_1/i_8/CI->CO    FA_X1                   ff   3663.4     72.5     72.5      0.0     15.1      0.4      3.1      1    61,   58  /PD_TOP        (1.10)
ba/add/i_1/i_9/CI->CO    FA_X1                   ff   3735.9     72.5     72.5      0.0     15.1      0.4      3.1      1    61,   58  /PD_TOP        (1.10)
ba/add/i_1/i_10/CI->CO   FA_X1                   ff   3808.4     72.5     72.5      0.0     15.1      0.4      3.1      1    61,   58  /PD_TOP        (1.10)
ba/add/i_1/i_11/CI->CO   FA_X1                   ff   3880.9     72.5     72.5      0.0     15.1      0.4      3.1      1    61,   58  /PD_TOP        (1.10)
ba/add/i_1/i_12/CI->CO   FA_X1                   ff   3953.4     72.5     72.5      0.0     15.1      0.4      3.1      1    61,   58  /PD_TOP        (1.10)
ba/add/i_1/i_13/CI->CO   FA_X1                   ff   4025.9     72.5     72.5      0.0     15.1      0.4      3.1      1    61,   58  /PD_TOP        (1.10)
ba/add/i_1/i_14/CI->CO   FA_X1                   ff   4098.4     72.5     72.5      0.0     15.1      0.4      3.1      1    61,   58  /PD_TOP        (1.10)
ba/add/i_1/i_15/CI->CO   FA_X1                   ff   4170.9     72.5     72.5      0.0     15.1      0.4      3.1      1    61,   58  /PD_TOP        (1.10)
ba/add/i_1/i_16/CI->CO   FA_X1                   ff   4243.4     72.5     72.5      0.0     15.1      0.4      3.1      1    61,   58  /PD_TOP        (1.10)
ba/add/i_1/i_17/CI->CO   FA_X1                   ff   4315.9     72.5     72.5      0.0     15.1      0.4      3.1      1    61,   58  /PD_TOP        (1.10)
ba/add/i_1/i_18/CI->CO   FA_X1                   ff   4388.4     72.5     72.5      0.0     15.1      0.4      3.1      1    61,   58  /PD_TOP        (1.10)
ba/add/i_1/i_19/CI->CO   FA_X1                   ff   4460.9     72.5     72.5      0.0     15.1      0.4      3.1      1    61,   58  /PD_TOP        (1.10)
ba/add/i_1/i_20/CI->CO   FA_X1                   ff   4533.4     72.5     72.5      0.0     15.1      0.4      3.1      1    61,   58  /PD_TOP        (1.10)
ba/add/i_1/i_21/CI->CO   FA_X1                   ff   4605.9     72.5     72.5      0.0     15.1      0.4      3.1      1    61,   58  /PD_TOP        (1.10)
ba/add/i_1/i_22/CI->CO   FA_X1                   ff   4678.4     72.5     72.5      0.0     15.1      0.4      3.1      1    61,   58  /PD_TOP        (1.10)
ba/add/i_1/i_23/CI->CO   FA_X1                   ff   4750.9     72.5     72.5      0.0     15.1      0.4      3.1      1    61,   58  /PD_TOP        (1.10)
ba/add/i_1/i_24/CI->CO   FA_X1                   ff   4823.4     72.5     72.5      0.0     15.1      0.4      3.1      1    61,   58  /PD_TOP        (1.10)
ba/add/i_1/i_25/CI->CO   FA_X1                   ff   4895.9     72.5     72.5      0.0     15.1      0.4      3.1      1    61,   58  /PD_TOP        (1.10)
ba/add/i_1/i_26/CI->CO   FA_X1                   ff   4968.4     72.5     72.5      0.0     15.1      0.4      3.1      1    61,   58  /PD_TOP        (1.10)
ba/add/i_1/i_27/CI->S    FA_X1                   fr   5080.0    111.6    111.6      0.0     15.1      0.3      1.6      1    61,   58  /PD_TOP        (1.10)
ba/add/i_2_27/A->Z       MUX2_X2*                rr   5149.9     69.9     69.9      0.0     10.9      0.6     27.4      2    61,   58  /PD_TOP        (1.10)
ba/i_0_58/A->ZN          INV_X8                  rf   5156.6      6.7      6.7      0.0     15.3      0.3      3.5      1    61,   58  /PD_TOP        (1.10)
ba/i_1/i_26/A->Z         XOR2_X1                 ff   5204.3     47.7     47.7      0.0      3.4      0.3      1.6      1    61,   58  /PD_TOP        (1.10)
ba/i_0_29/A->Z           MUX2_X2                 ff   5261.9     57.6     57.6      0.0     11.1      0.6      4.0      2    61,   58  /PD_TOP        (1.10)
blknrm/i_0_27/A1->ZN     OR2_X4                  ff   5308.5     46.6     46.6      0.0     11.0      1.0     13.4      3    61,   58  /PD_TOP        (1.10)
blknrm/zc/i_0_45/A1->ZN  NOR4_X4                 fr   5378.3     69.8     69.8      0.0     10.7      1.0     13.1      3    61,   58  /PD_TOP        (1.10)
blknrm/zc/i_0_42/A1->ZN  NAND3_X4                rf   5428.5     50.2     50.2      0.0     63.9      2.0     24.2      6    61,   58  /PD_TOP        (1.10)
blknrm/zc/i_0_41/A1->ZN  OR3_X4                  ff   5497.5     69.0     69.0      0.0     23.4      1.0     13.1      3    61,   58  /PD_TOP        (1.10)
blknrm/zc/i_0_40/A1->ZN  NOR3_X4                 fr   5538.0     40.5     40.5      0.0     14.4      0.6      6.5      2    61,   58  /PD_TOP        (1.10)
blknrm/zc/i_0_37/A1->ZN  AND3_X4*                rr   5619.5     81.5     81.5      0.0     31.6      2.3     77.5      8    61,   58  /PD_TOP        (1.10)
blknrm/zc/i_0_33/A1->ZN  NAND3_X4                rf   5644.6     25.1     25.0      0.1     15.3      1.0     11.2      3    61,   58  /PD_TOP        (1.10)
blknrm/zc/i_0_31/A1->ZN  OR4_X4                  ff   5731.9     87.3     87.3      0.0     15.1      1.7     20.1      5    61,   58  /PD_TOP        (1.10)
blknrm/zc/i_0_29/A1->ZN  OR3_X4                  ff   5796.7     64.8     64.8      0.0     20.7      0.6      8.8      2    61,   58  /PD_TOP        (1.10)
blknrm/zc/i_0_28/A1->ZN  NOR3_X4                 fr   5840.8     44.1     44.1      0.0     13.2      0.6      8.5      2    61,   58  /PD_TOP        (1.10)
blknrm/zc/i_0_16/B1->ZN  OAI21_X4                rf   5868.6     27.8     27.8      0.0     35.2      1.2     15.4      4    61,   58  /PD_TOP        (1.10)
blknrm/exp/i_0_54/A2->ZN NOR2_X4                 fr   5913.4     44.8     44.8      0.0     14.1      1.3     15.8      4    61,   58  /PD_TOP        (1.10)
blknrm/exp/i_0_53/A1->ZN NOR3_X4                 rf   5925.6     12.2     12.2      0.0     28.7      0.3      4.5      1    61,   58  /PD_TOP        (1.10)
blknrm/exp/i_0_50/A1->ZN NOR3_X4                 fr   5959.2     33.6     33.6      0.0      6.7      0.3      4.5      1    61,   58  /PD_TOP        (1.10)
blknrm/exp/i_0_47/A1->ZN NOR3_X4                 rf   5971.4     12.2     12.2      0.0     27.9      0.3      4.5      1    61,   58  /PD_TOP        (1.10)
blknrm/exp/i_0_44/A1->ZN NOR3_X4                 fr   6005.1     33.7     33.7      0.0      6.7      0.3      4.5      1    61,   58  /PD_TOP        (1.10)
blknrm/exp/i_0_42/A1->ZN NOR2_X4                 rf   6015.9     10.8     10.8      0.0     28.0      0.3      4.2      1    61,   58  /PD_TOP        (1.10)
blknrm/exp/i_0_41/A2->ZN NAND2_X4*               fr   6051.8     35.9     35.9      0.0      5.6      2.6     38.5      9    61,   58  /PD_TOP        (1.10)
blknrm/exp/i_0_34/A1->ZN NOR2_X4                 rf   6061.7      9.9      9.8      0.1     15.3      0.3      4.2      1    61,   58  /PD_TOP        (1.10)
blknrm/exp/i_0_33/A->ZN  AOI21_X4*               fr   6148.1     86.4     86.4      0.0      5.6      8.8     74.3     28    61,   58  /PD_TOP        (1.10)
blknrm/sh/genblk1_1_m2/i_0_0/S->Z
                         MUX2_X2*                rf   6246.9     98.8     98.5      0.3     15.3      0.6     27.4      2    61,   58  /PD_TOP        (1.10)
blknrm/sh/genblk1_3_m4/i_0_0/B->Z
                         MUX2_X2*                ff   6329.1     82.2     82.2      0.0     15.3      0.6     27.4      2    61,   58  /PD_TOP        (1.10)
blknrm/sh/genblk1_3_m5/i_0_0/A->ZN
                         INV_X8                  fr   6341.7     12.6     12.6      0.0     15.3      0.3      4.5      1    61,   58  /PD_TOP        (1.10)
blknrm/sh/genblk1_3_m5/i_0_1/A1->ZN
                         NOR2_X4*                rf   6356.6     14.9     14.9      0.0      5.3      0.6     27.3      2    61,   58  /PD_TOP        (1.10)
blknrm/sh/genblk1_3_m7/i_0_0/A->ZN
                         INV_X8                  fr   6369.2     12.6     12.6      0.0     15.3      0.3      4.5      1    61,   58  /PD_TOP        (1.10)
blknrm/sh/genblk1_3_m7/i_0_1/A1->ZN
                         NOR2_X4*                rf   6384.1     14.9     14.9      0.0      5.3      0.6     27.3      2    61,   58  /PD_TOP        (1.10)
blknrm/sh/genblk1_3_m9/i_0_0/A->ZN
                         INV_X8                  fr   6396.7     12.6     12.6      0.0     15.3      0.3      4.5      1    61,   58  /PD_TOP        (1.10)
blknrm/sh/genblk1_3_m9/i_0_1/A1->ZN
                         NOR2_X4                 rf   6403.7      7.0      7.0      0.0      5.3      0.6      3.2      2    61,   58  /PD_TOP        (1.10)
blknrm/i_0_2/B->Z        MUX2_X2                 ff   6457.2     53.5     53.5      0.0      5.3      0.3      2.5      1    61,   58  /PD_TOP        (1.10)
blknrm/r/i_0_0/A3->ZN    OR3_X4                  ff   6528.5     71.3     71.3      0.0     11.0      0.3      2.3      1    61,   58  /PD_TOP        (1.10)
blknrm/r/i_0_1/A1->ZN    AND2_X4                 ff   6555.4     26.9     26.9      0.0     11.2      0.3      3.5      1    61,   58  /PD_TOP        (1.10)
blknrm/r/i_1/i_0/A->CO   HA_X1                   ff   6585.5     30.1     30.1      0.0      5.4      0.3      3.8      1    61,   58  /PD_TOP        (1.10)
blknrm/r/i_1/i_1/B->CO   HA_X1                   ff   6619.5     34.0     34.0      0.0      8.1      0.3      3.8      1    61,   58  /PD_TOP        (1.10)
blknrm/r/i_1/i_2/B->CO   HA_X1                   ff   6653.5     34.0     34.0      0.0      8.1      0.3      3.8      1    61,   58  /PD_TOP        (1.10)
blknrm/r/i_1/i_3/B->CO   HA_X1                   ff   6687.5     34.0     34.0      0.0      8.1      0.3      3.8      1    61,   58  /PD_TOP        (1.10)
blknrm/r/i_1/i_4/B->CO   HA_X1                   ff   6721.5     34.0     34.0      0.0      8.1      0.3      3.8      1    61,   58  /PD_TOP        (1.10)
blknrm/r/i_1/i_5/B->CO   HA_X1                   ff   6755.5     34.0     34.0      0.0      8.1      0.3      3.8      1    61,   58  /PD_TOP        (1.10)
blknrm/r/i_1/i_6/B->CO   HA_X1                   ff   6789.5     34.0     34.0      0.0      8.1      0.3      3.8      1    61,   58  /PD_TOP        (1.10)
blknrm/r/i_1/i_7/B->CO   HA_X1                   ff   6823.5     34.0     34.0      0.0      8.1      0.3      3.8      1    61,   58  /PD_TOP        (1.10)
blknrm/r/i_1/i_8/B->CO   HA_X1                   ff   6857.5     34.0     34.0      0.0      8.1      0.3      3.8      1    61,   58  /PD_TOP        (1.10)
blknrm/r/i_1/i_9/B->CO   HA_X1                   ff   6891.5     34.0     34.0      0.0      8.1      0.3      3.8      1    61,   58  /PD_TOP        (1.10)
blknrm/r/i_1/i_10/B->CO  HA_X1                   ff   6925.5     34.0     34.0      0.0      8.1      0.3      3.8      1    61,   58  /PD_TOP        (1.10)
blknrm/r/i_1/i_11/B->CO  HA_X1                   ff   6959.5     34.0     34.0      0.0      8.1      0.3      3.8      1    61,   58  /PD_TOP        (1.10)
blknrm/r/i_1/i_12/B->CO  HA_X1                   ff   6993.5     34.0     34.0      0.0      8.1      0.3      3.8      1    61,   58  /PD_TOP        (1.10)
blknrm/r/i_1/i_13/B->CO  HA_X1                   ff   7027.5     34.0     34.0      0.0      8.1      0.3      3.8      1    61,   58  /PD_TOP        (1.10)
blknrm/r/i_1/i_14/B->CO  HA_X1                   ff   7061.5     34.0     34.0      0.0      8.1      0.3      3.8      1    61,   58  /PD_TOP        (1.10)
blknrm/r/i_1/i_15/B->CO  HA_X1                   ff   7095.5     34.0     34.0      0.0      8.1      0.3      3.8      1    61,   58  /PD_TOP        (1.10)
blknrm/r/i_1/i_16/B->CO  HA_X1                   ff   7129.5     34.0     34.0      0.0      8.1      0.3      3.8      1    61,   58  /PD_TOP        (1.10)
blknrm/r/i_1/i_17/B->CO  HA_X1                   ff   7163.5     34.0     34.0      0.0      8.1      0.3      3.8      1    61,   58  /PD_TOP        (1.10)
blknrm/r/i_1/i_18/B->CO  HA_X1                   ff   7197.5     34.0     34.0      0.0      8.1      0.3      3.8      1    61,   58  /PD_TOP        (1.10)
blknrm/r/i_1/i_19/B->CO  HA_X1                   ff   7231.5     34.0     34.0      0.0      8.1      0.3      3.8      1    61,   58  /PD_TOP        (1.10)
blknrm/r/i_1/i_20/B->CO  HA_X1                   ff   7265.5     34.0     34.0      0.0      8.1      0.3      3.8      1    61,   58  /PD_TOP        (1.10)
blknrm/r/i_1/i_21/B->CO  HA_X1                   ff   7299.5     34.0     34.0      0.0      8.1      0.3      3.7      1    61,   58  /PD_TOP        (1.10)
blknrm/r/i_1/i_22/B->Z   XOR2_X2                 ff   7354.6     55.1     55.1      0.0      8.1      0.3      1.6      1    61,   58  /PD_TOP        (1.10)
i_0_0_22/B->Z            MUX2_X2                 ff   7423.2     68.6     68.6      0.0     11.1      3.5     13.5      1    61,   58  /PD_TOP        (1.10)
result[22]                                        f   7423.7      0.5               0.5     15.9                             56,    0                       
------------------------------------------------------------------------------------------------------------------------------------------------------------
Report for group R2O
