Report for group default
Report for group I2R
Report for group I2O
------------------------------------------------------------------------------------------------------------------------------------------------------------
Startpoint: add2_i[1]
    (Clocked by vsysclk R)
Endpoint: sum_o[31]
    (Clocked by vsysclk R)
Path Group: I2O
Data required time: 19500.0
    (Clock shift: 20000.0, minus Uncertainty: 0.0, plus Latency 0.0, minus Out delay: 500.0)
Data arrival time: 2655.5
Slack: 16844.5
Logic depth: 31
------------------------------------------------------------------------------------------------------------------------------------------------------------
                                                     Arrival               Arc      Net               Net    Total   fan-                                   
Path                     Module/Cell           Edge     Time    Delay    Delay    Delay     Slew     Load     Load    out     Location Power Domain      (V)
                                                        (ps)     (ps)     (ps)     (ps)     (ps)     (ff)     (ff)    (#)      (um,um)                      
------------------------------------------------------------------------------------------------------------------------------------------------------------
add2_i[1]                {set_input_delay}        r   1000.0   1000.0   1000.0                        2.1      5.9      1    39,    0                       
i_0_0/i_1/A->CO          FA_X1                   rr   1158.3    158.3    158.1      0.2   1000.0      0.4      3.1      1    38,   37  /PD_TOP        (1.10)
i_0_0/i_2/CI->CO         FA_X1                   rr   1206.1     47.8     47.8      0.0     13.6      0.4      3.1      1    38,   37  /PD_TOP        (1.10)
i_0_0/i_3/CI->CO         FA_X1                   rr   1253.9     47.8     47.8      0.0     13.6      0.4      3.1      1    38,   37  /PD_TOP        (1.10)
i_0_0/i_4/CI->CO         FA_X1                   rr   1301.7     47.8     47.8      0.0     13.6      0.4      3.1      1    38,   37  /PD_TOP        (1.10)
i_0_0/i_5/CI->CO         FA_X1                   rr   1349.5     47.8     47.8      0.0     13.6      0.4      3.1      1    38,   37  /PD_TOP        (1.10)
i_0_0/i_6/CI->CO         FA_X1                   rr   1397.3     47.8     47.8      0.0     13.6      0.4      3.1      1    38,   37  /PD_TOP        (1.10)
i_0_0/i_7/CI->CO         FA_X1                   rr   1445.1     47.8     47.8      0.0     13.6      0.4      3.1      1    38,   37  /PD_TOP        (1.10)
i_0_0/i_8/CI->CO         FA_X1                   rr   1492.9     47.8     47.8      0.0     13.6      0.4      3.1      1    38,   37  /PD_TOP        (1.10)
i_0_0/i_9/CI->CO         FA_X1                   rr   1540.7     47.8     47.8      0.0     13.6      0.4      3.1      1    38,   37  /PD_TOP        (1.10)
i_0_0/i_10/CI->CO        FA_X1                   rr   1588.5     47.8     47.8      0.0     13.6      0.4      3.1      1    38,   37  /PD_TOP        (1.10)
i_0_0/i_11/CI->CO        FA_X1                   rr   1636.3     47.8     47.8      0.0     13.6      0.4      3.1      1    38,   37  /PD_TOP        (1.10)
i_0_0/i_12/CI->CO        FA_X1                   rr   1684.1     47.8     47.8      0.0     13.6      0.4      3.1      1    38,   37  /PD_TOP        (1.10)
i_0_0/i_13/CI->CO        FA_X1                   rr   1731.9     47.8     47.8      0.0     13.6      0.4      3.1      1    38,   37  /PD_TOP        (1.10)
i_0_0/i_14/CI->CO        FA_X1                   rr   1779.7     47.8     47.8      0.0     13.6      0.4      3.1      1    38,   37  /PD_TOP        (1.10)
i_0_0/i_15/CI->CO        FA_X1                   rr   1827.5     47.8     47.8      0.0     13.6      0.4      3.1      1    38,   37  /PD_TOP        (1.10)
i_0_0/i_16/CI->CO        FA_X1                   rr   1875.3     47.8     47.8      0.0     13.6      0.4      3.1      1    38,   37  /PD_TOP        (1.10)
i_0_0/i_17/CI->CO        FA_X1                   rr   1923.1     47.8     47.8      0.0     13.6      0.4      3.1      1    38,   37  /PD_TOP        (1.10)
i_0_0/i_18/CI->CO        FA_X1                   rr   1970.9     47.8     47.8      0.0     13.6      0.4      3.1      1    38,   37  /PD_TOP        (1.10)
i_0_0/i_19/CI->CO        FA_X1                   rr   2018.7     47.8     47.8      0.0     13.6      0.4      3.1      1    38,   37  /PD_TOP        (1.10)
i_0_0/i_20/CI->CO        FA_X1                   rr   2066.5     47.8     47.8      0.0     13.6      0.4      3.1      1    38,   37  /PD_TOP        (1.10)
i_0_0/i_21/CI->CO        FA_X1                   rr   2114.3     47.8     47.8      0.0     13.6      0.4      3.1      1    38,   37  /PD_TOP        (1.10)
i_0_0/i_22/CI->CO        FA_X1                   rr   2162.1     47.8     47.8      0.0     13.6      0.4      3.1      1    38,   37  /PD_TOP        (1.10)
i_0_0/i_23/CI->CO        FA_X1                   rr   2209.9     47.8     47.8      0.0     13.6      0.4      3.1      1    38,   37  /PD_TOP        (1.10)
i_0_0/i_24/CI->CO        FA_X1                   rr   2257.7     47.8     47.8      0.0     13.6      0.4      3.1      1    38,   37  /PD_TOP        (1.10)
i_0_0/i_25/CI->CO        FA_X1                   rr   2305.5     47.8     47.8      0.0     13.6      0.4      3.1      1    38,   37  /PD_TOP        (1.10)
i_0_0/i_26/CI->CO        FA_X1                   rr   2353.3     47.8     47.8      0.0     13.6      0.4      3.1      1    38,   37  /PD_TOP        (1.10)
i_0_0/i_27/CI->CO        FA_X1                   rr   2401.1     47.8     47.8      0.0     13.6      0.4      3.1      1    38,   37  /PD_TOP        (1.10)
i_0_0/i_28/CI->CO        FA_X1                   rr   2448.9     47.8     47.8      0.0     13.6      0.4      3.1      1    38,   37  /PD_TOP        (1.10)
i_0_0/i_29/CI->CO        FA_X1                   rr   2496.7     47.8     47.8      0.0     13.6      0.4      3.1      1    38,   37  /PD_TOP        (1.10)
i_0_0/i_30/CI->CO        FA_X1                   rr   2544.5     47.8     47.8      0.0     13.6      0.4      3.1      1    38,   37  /PD_TOP        (1.10)
i_0_0/i_31/CI->S         FA_X1                   rf   2655.3    110.8    110.8      0.0     13.6      2.4     12.4      1    38,   37  /PD_TOP        (1.10)
sum_o[31]                                         f   2655.5      0.2               0.2     26.3                             76,   41                       
------------------------------------------------------------------------------------------------------------------------------------------------------------
Report for group R2O
