Report for group default
Report for group I2R
Report for group I2O
------------------------------------------------------------------------------------------------------------------------------------------------------------
Startpoint: i_add2[0]
    (Clocked by vsysclk R)
Endpoint: o_result[31]
    (Clocked by vsysclk R)
Path Group: I2O
Data required time: 19500.0
    (Clock shift: 20000.0, minus Uncertainty: 0.0, plus Latency 0.0, minus Out delay: 500.0)
Data arrival time: 2248.7
Slack: 17251.3
Logic depth: 62
------------------------------------------------------------------------------------------------------------------------------------------------------------
                                                     Arrival               Arc      Net               Net    Total   fan-                                   
Path                     Module/Cell           Edge     Time    Delay    Delay    Delay     Slew     Load     Load    out     Location Power Domain      (V)
                                                        (ps)     (ps)     (ps)     (ps)     (ps)     (ff)     (ff)    (#)      (um,um)                      
------------------------------------------------------------------------------------------------------------------------------------------------------------
i_add2[0]                {set_input_delay}        r   1000.0   1000.0   1000.0                        2.2      8.0      2     0,   40                       
i_0_0_62/A1->ZN          AND2_X4                 rr   1085.8     85.8     85.6      0.2   1000.0      0.6      8.0      2    39,   40  /PD_TOP        (1.10)
i_0_0_61/A->ZN           OAI21_X4                rf   1103.9     18.1     18.1      0.0      9.7      0.3      4.2      1    39,   40  /PD_TOP        (1.10)
i_0_0_60/A2->ZN          NAND2_X4                fr   1123.1     19.2     19.2      0.0      9.4      0.6      8.0      2    39,   40  /PD_TOP        (1.10)
i_0_0_59/A->ZN           OAI21_X4                rf   1141.8     18.7     18.7      0.0     11.4      0.3      4.2      1    39,   40  /PD_TOP        (1.10)
i_0_0_58/A2->ZN          NAND2_X4                fr   1161.0     19.2     19.2      0.0      9.4      0.6      8.0      2    39,   40  /PD_TOP        (1.10)
i_0_0_57/A->ZN           OAI21_X4                rf   1179.7     18.7     18.7      0.0     11.4      0.3      4.2      1    39,   40  /PD_TOP        (1.10)
i_0_0_56/A2->ZN          NAND2_X4                fr   1198.9     19.2     19.2      0.0      9.4      0.6      8.0      2    39,   40  /PD_TOP        (1.10)
i_0_0_55/A->ZN           OAI21_X4                rf   1217.6     18.7     18.7      0.0     11.4      0.3      4.2      1    39,   40  /PD_TOP        (1.10)
i_0_0_54/A2->ZN          NAND2_X4                fr   1236.8     19.2     19.2      0.0      9.4      0.6      8.0      2    39,   40  /PD_TOP        (1.10)
i_0_0_53/A->ZN           OAI21_X4                rf   1255.5     18.7     18.7      0.0     11.4      0.3      4.2      1    39,   40  /PD_TOP        (1.10)
i_0_0_52/A2->ZN          NAND2_X4                fr   1274.7     19.2     19.2      0.0      9.4      0.6      8.0      2    39,   40  /PD_TOP        (1.10)
i_0_0_51/A->ZN           OAI21_X4                rf   1293.4     18.7     18.7      0.0     11.4      0.3      4.2      1    39,   40  /PD_TOP        (1.10)
i_0_0_50/A2->ZN          NAND2_X4                fr   1312.6     19.2     19.2      0.0      9.4      0.6      8.0      2    39,   40  /PD_TOP        (1.10)
i_0_0_49/A->ZN           OAI21_X4                rf   1331.3     18.7     18.7      0.0     11.4      0.3      4.2      1    39,   40  /PD_TOP        (1.10)
i_0_0_48/A2->ZN          NAND2_X4                fr   1350.5     19.2     19.2      0.0      9.4      0.6      8.0      2    39,   40  /PD_TOP        (1.10)
i_0_0_47/A->ZN           OAI21_X4                rf   1369.2     18.7     18.7      0.0     11.4      0.3      4.2      1    39,   40  /PD_TOP        (1.10)
i_0_0_46/A2->ZN          NAND2_X4                fr   1388.4     19.2     19.2      0.0      9.4      0.6      8.0      2    39,   40  /PD_TOP        (1.10)
i_0_0_45/A->ZN           OAI21_X4                rf   1407.1     18.7     18.7      0.0     11.4      0.3      4.2      1    39,   40  /PD_TOP        (1.10)
i_0_0_44/A2->ZN          NAND2_X4                fr   1426.3     19.2     19.2      0.0      9.4      0.6      8.0      2    39,   40  /PD_TOP        (1.10)
i_0_0_43/A->ZN           OAI21_X4                rf   1445.0     18.7     18.7      0.0     11.4      0.3      4.2      1    39,   40  /PD_TOP        (1.10)
i_0_0_42/A2->ZN          NAND2_X4                fr   1464.2     19.2     19.2      0.0      9.4      0.6      8.0      2    39,   40  /PD_TOP        (1.10)
i_0_0_41/A->ZN           OAI21_X4                rf   1482.9     18.7     18.7      0.0     11.4      0.3      4.2      1    39,   40  /PD_TOP        (1.10)
i_0_0_40/A2->ZN          NAND2_X4                fr   1502.1     19.2     19.2      0.0      9.4      0.6      8.0      2    39,   40  /PD_TOP        (1.10)
i_0_0_39/A->ZN           OAI21_X4                rf   1520.8     18.7     18.7      0.0     11.4      0.3      4.2      1    39,   40  /PD_TOP        (1.10)
i_0_0_38/A2->ZN          NAND2_X4                fr   1540.0     19.2     19.2      0.0      9.4      0.6      8.0      2    39,   40  /PD_TOP        (1.10)
i_0_0_37/A->ZN           OAI21_X4                rf   1558.7     18.7     18.7      0.0     11.4      0.3      4.2      1    39,   40  /PD_TOP        (1.10)
i_0_0_36/A2->ZN          NAND2_X4                fr   1577.9     19.2     19.2      0.0      9.4      0.6      8.0      2    39,   40  /PD_TOP        (1.10)
i_0_0_35/A->ZN           OAI21_X4                rf   1596.6     18.7     18.7      0.0     11.4      0.3      4.2      1    39,   40  /PD_TOP        (1.10)
i_0_0_34/A2->ZN          NAND2_X4                fr   1615.8     19.2     19.2      0.0      9.4      0.6      8.0      2    39,   40  /PD_TOP        (1.10)
i_0_0_33/A->ZN           OAI21_X4                rf   1634.5     18.7     18.7      0.0     11.4      0.3      4.2      1    39,   40  /PD_TOP        (1.10)
i_0_0_32/A2->ZN          NAND2_X4                fr   1653.7     19.2     19.2      0.0      9.4      0.6      8.0      2    39,   40  /PD_TOP        (1.10)
i_0_0_31/A->ZN           OAI21_X4                rf   1672.4     18.7     18.7      0.0     11.4      0.3      4.2      1    39,   40  /PD_TOP        (1.10)
i_0_0_30/A2->ZN          NAND2_X4                fr   1691.6     19.2     19.2      0.0      9.4      0.6      8.0      2    39,   40  /PD_TOP        (1.10)
i_0_0_29/A->ZN           OAI21_X4                rf   1710.3     18.7     18.7      0.0     11.4      0.3      4.2      1    39,   40  /PD_TOP        (1.10)
i_0_0_28/A2->ZN          NAND2_X4                fr   1729.5     19.2     19.2      0.0      9.4      0.6      8.0      2    39,   40  /PD_TOP        (1.10)
i_0_0_27/A->ZN           OAI21_X4                rf   1748.2     18.7     18.7      0.0     11.4      0.3      4.2      1    39,   40  /PD_TOP        (1.10)
i_0_0_26/A2->ZN          NAND2_X4                fr   1767.4     19.2     19.2      0.0      9.4      0.6      8.0      2    39,   40  /PD_TOP        (1.10)
i_0_0_25/A->ZN           OAI21_X4                rf   1786.1     18.7     18.7      0.0     11.4      0.3      4.2      1    39,   40  /PD_TOP        (1.10)
i_0_0_24/A2->ZN          NAND2_X4                fr   1805.3     19.2     19.2      0.0      9.4      0.6      8.0      2    39,   40  /PD_TOP        (1.10)
i_0_0_23/A->ZN           OAI21_X4                rf   1824.0     18.7     18.7      0.0     11.4      0.3      4.2      1    39,   40  /PD_TOP        (1.10)
i_0_0_22/A2->ZN          NAND2_X4                fr   1843.2     19.2     19.2      0.0      9.4      0.6      8.0      2    39,   40  /PD_TOP        (1.10)
i_0_0_21/A->ZN           OAI21_X4                rf   1861.9     18.7     18.7      0.0     11.4      0.3      4.2      1    39,   40  /PD_TOP        (1.10)
i_0_0_20/A2->ZN          NAND2_X4                fr   1881.1     19.2     19.2      0.0      9.4      0.6      8.0      2    39,   40  /PD_TOP        (1.10)
i_0_0_19/A->ZN           OAI21_X4                rf   1899.8     18.7     18.7      0.0     11.4      0.3      4.2      1    39,   40  /PD_TOP        (1.10)
i_0_0_18/A2->ZN          NAND2_X4                fr   1919.0     19.2     19.2      0.0      9.4      0.6      8.0      2    39,   40  /PD_TOP        (1.10)
i_0_0_17/A->ZN           OAI21_X4                rf   1937.7     18.7     18.7      0.0     11.4      0.3      4.2      1    39,   40  /PD_TOP        (1.10)
i_0_0_16/A2->ZN          NAND2_X4                fr   1956.9     19.2     19.2      0.0      9.4      0.6      8.0      2    39,   40  /PD_TOP        (1.10)
i_0_0_15/A->ZN           OAI21_X4                rf   1975.6     18.7     18.7      0.0     11.4      0.3      4.2      1    39,   40  /PD_TOP        (1.10)
i_0_0_14/A2->ZN          NAND2_X4                fr   1994.8     19.2     19.2      0.0      9.4      0.6      8.0      2    39,   40  /PD_TOP        (1.10)
i_0_0_13/A->ZN           OAI21_X4                rf   2013.5     18.7     18.7      0.0     11.4      0.3      4.2      1    39,   40  /PD_TOP        (1.10)
i_0_0_12/A2->ZN          NAND2_X4                fr   2032.7     19.2     19.2      0.0      9.4      0.6      8.0      2    39,   40  /PD_TOP        (1.10)
i_0_0_11/A->ZN           OAI21_X4                rf   2051.4     18.7     18.7      0.0     11.4      0.3      4.2      1    39,   40  /PD_TOP        (1.10)
i_0_0_10/A2->ZN          NAND2_X4                fr   2070.6     19.2     19.2      0.0      9.4      0.6      8.0      2    39,   40  /PD_TOP        (1.10)
i_0_0_9/A->ZN            OAI21_X4                rf   2089.3     18.7     18.7      0.0     11.4      0.3      4.2      1    39,   40  /PD_TOP        (1.10)
i_0_0_8/A2->ZN           NAND2_X4                fr   2108.5     19.2     19.2      0.0      9.4      0.6      8.0      2    39,   40  /PD_TOP        (1.10)
i_0_0_7/A->ZN            OAI21_X4                rf   2127.2     18.7     18.7      0.0     11.4      0.3      4.2      1    39,   40  /PD_TOP        (1.10)
i_0_0_6/A2->ZN           NAND2_X4                fr   2146.4     19.2     19.2      0.0      9.4      0.6      8.0      2    39,   40  /PD_TOP        (1.10)
i_0_0_5/A->ZN            OAI21_X4                rf   2165.1     18.7     18.7      0.0     11.4      0.3      4.2      1    39,   40  /PD_TOP        (1.10)
i_0_0_4/A2->ZN           NAND2_X4                fr   2184.3     19.2     19.2      0.0      9.4      0.6      8.0      2    39,   40  /PD_TOP        (1.10)
i_0_0_3/A->ZN            OAI21_X4                rf   2203.0     18.7     18.7      0.0     11.4      0.3      4.2      1    39,   40  /PD_TOP        (1.10)
i_0_0_2/A2->ZN           NAND2_X4                fr   2222.2     19.2     19.2      0.0      9.4      0.6      8.0      2    39,   40  /PD_TOP        (1.10)
genblk1_31_fullAdder_inst/h2d/i_1_0/B->Z
                         XOR2_X2                 rf   2248.5     26.3     26.3      0.0     11.4      2.5     12.5      1    39,   40  /PD_TOP        (1.10)
o_result[31]                                      f   2248.7      0.2               0.2     16.9                             35,   79                       
------------------------------------------------------------------------------------------------------------------------------------------------------------
Report for group R2O
