warning: No library characterized for (process = 1.00 voltage = 0.85 temperature = 25.00) can be found in the database for power domain '/PD_TOP'  [NL-174]
Report Power (instances with prefix '*' are included in total) : 
-----+---------------+--------------------+---------------------+-------------------+-----------------
     | Instance      | Internal Power(uw) | Switching Power(uw) | Leakage Power(uw) | Total Power(uw) 
-----+---------------+--------------------+---------------------+-------------------+-----------------
1    |*RA1           |           11.351124|             6.520556|           2.238548|        20.110228
2    |*RA2           |           11.358508|             4.880416|           2.238548|        18.477472
3    |*i_0_0_0       |            0.068302|             0.181774|           0.022695|         0.272771
4    |*genblk1_0_HA  |            0.121495|             0.249249|           0.061230|         0.431973
5    |*genblk1_1_HA2 |            0.112081|             0.222763|           0.061230|         0.396074
6    |*genblk1_2_HA2 |            0.107744|             0.206793|           0.061230|         0.375767
7    |*genblk1_3_HA2 |            0.106879|             0.197998|           0.061230|         0.366107
8    |*genblk1_4_HA2 |            0.107130|             0.193543|           0.061230|         0.361902
9    |*genblk1_5_HA2 |            0.107507|             0.191160|           0.061230|         0.359897
10   |*genblk1_6_HA2 |            0.107774|             0.190000|           0.061230|         0.359004
11   |*genblk1_7_HA2 |            0.107929|             0.189345|           0.061230|         0.358504
12   |*genblk1_8_HA2 |            0.108013|             0.189402|           0.061230|         0.358645
13   |*genblk1_9_HA2 |            0.108056|             0.189186|           0.061230|         0.358472
14   |*genblk1_10_HA2|            0.108079|             0.189181|           0.061230|         0.358489
15   |*genblk1_11_HA2|            0.108089|             0.189076|           0.061230|         0.358395
16   |*genblk1_12_HA2|            0.108095|             0.189143|           0.061230|         0.358468
17   |*genblk1_13_HA2|            0.108098|             0.189065|           0.061230|         0.358393
18   |*genblk1_14_HA2|            0.108099|             0.189069|           0.061230|         0.358398
19   |*genblk1_15_HA2|            0.108100|             0.188997|           0.061230|         0.358326
20   |               |                    |                     |                   |                 
21   |*TOTAL         |           24.521109|            14.736715|           5.479470|        44.737297
-----+---------------+--------------------+---------------------+-------------------+-----------------
