warning: No library characterized for (process = 1.00 voltage = 0.85 temperature = 25.00) can be found in the database for power domain '/PD_TOP'  [NL-174]
Report Power (instances with prefix '*' are included in total) : 
-----+----------------+--------------------+---------------------+-------------------+-----------------
     | Instance       | Internal Power(uw) | Switching Power(uw) | Leakage Power(uw) | Total Power(uw) 
-----+----------------+--------------------+---------------------+-------------------+-----------------
1    |*rca_last_0     |            2.696259|             0.770977|           0.496693|         3.963929
2    |*rca_last_1     |            2.764559|             1.284253|           0.533741|         4.582553
3    |*rca_0          |            2.681013|             1.603768|           0.496693|         4.781474
4    |*mux_last_cout  |            0.082931|             0.185508|           0.035928|         0.304368
5    |*mux_last_sum   |            0.344925|             0.769798|           0.143714|         1.258436
6    |*rca_other_06   |            2.696259|             0.770977|           0.496693|         3.963929
7    |*rca_other_05   |            2.696259|             0.770977|           0.496693|         3.963929
8    |*rca_other_04   |            2.696259|             0.770977|           0.496693|         3.963929
9    |*rca_other_03   |            2.696259|             0.770977|           0.496693|         3.963929
10   |*rca_other_02   |            2.696259|             0.770977|           0.496693|         3.963929
11   |*rca_other_01   |            2.696259|             0.770977|           0.496693|         3.963929
12   |*rca_other_16   |            2.764559|             1.284253|           0.533741|         4.582553
13   |*rca_other_15   |            2.764559|             1.284253|           0.533741|         4.582553
14   |*rca_other_14   |            2.764559|             1.284253|           0.533741|         4.582553
15   |*rca_other_13   |            2.764559|             1.284253|           0.533741|         4.582553
16   |*rca_other_12   |            2.764559|             1.284253|           0.533741|         4.582553
17   |*rca_other_11   |            2.764559|             1.284253|           0.533741|         4.582553
18   |*mux_other_cout6|            0.082995|             0.187891|           0.035928|         0.306814
19   |*mux_other_cout5|            0.082995|             0.187891|           0.035928|         0.306814
20   |*mux_other_cout4|            0.082995|             0.187891|           0.035928|         0.306814
21   |*mux_other_cout3|            0.082995|             0.187891|           0.035928|         0.306814
22   |*mux_other_cout2|            0.082994|             0.187890|           0.035928|         0.306813
23   |*mux_other_cout1|            0.082780|             0.187866|           0.035928|         0.306575
24   |*mux_other_sum6 |            0.344801|             0.765101|           0.143714|         1.253616
25   |*mux_other_sum5 |            0.344899|             0.768838|           0.143714|         1.257451
26   |*mux_other_sum4 |            0.344788|             0.764622|           0.143714|         1.253123
27   |*mux_other_sum3 |            0.344874|             0.767878|           0.143714|         1.256465
28   |*mux_other_sum2 |            0.344773|             0.764142|           0.143714|         1.252628
29   |*mux_other_sum1 |            0.344019|             0.766918|           0.143714|         1.254651
30   |                |                    |                     |                   |                 
31   |*TOTAL          |           43.900513|            22.670496|           8.967234|        75.538239
-----+----------------+--------------------+---------------------+-------------------+-----------------
