Report for group default
Report for group I2R
Report for group I2O
------------------------------------------------------------------------------------------------------------------------------------------------------------
Startpoint: in2[1]
    (Clocked by vsysclk R)
Endpoint: sum[32]
    (Clocked by vsysclk R)
Path Group: I2O
Data required time: 19500.0
    (Clock shift: 20000.0, minus Uncertainty: 0.0, plus Latency 0.0, minus Out delay: 500.0)
Data arrival time: 2588.6
Slack: 16911.4
Logic depth: 48
------------------------------------------------------------------------------------------------------------------------------------------------------------
                                                     Arrival               Arc      Net               Net    Total   fan-                                   
Path                     Module/Cell           Edge     Time    Delay    Delay    Delay     Slew     Load     Load    out     Location Power Domain      (V)
                                                        (ps)     (ps)     (ps)     (ps)     (ps)     (ff)     (ff)    (#)      (um,um)                      
------------------------------------------------------------------------------------------------------------------------------------------------------------
in2[1]                   {set_input_delay}        r   1000.0   1000.0   1000.0                        2.3      8.3      2    40,    0                       
RA1/genblk1_1_FA3/h1/i_0_1/B->Z
                         XOR2_X2                 rf   1012.3     12.1     12.1      0.0   1000.0      0.5      5.9      2    40,   40  /PD_TOP        (1.10)
RA1/genblk1_1_FA3/h2d/i_0_0/A1->ZN
                         AND2_X4                 ff   1039.8     27.5     27.5      0.0     13.5      0.3      2.5      1    40,   40  /PD_TOP        (1.10)
RA1/genblk1_1_FA3/i_0_0/A2->ZN
                         OR2_X4                  ff   1084.7     44.9     44.9      0.0      5.1      0.5      6.2      2    40,   40  /PD_TOP        (1.10)
RA1/genblk1_2_FA3/h2d/i_0_0/A2->ZN
                         AND2_X4                 ff   1112.1     27.6     27.4      0.2      8.8      0.3      2.5      1    40,   40  /PD_TOP        (1.10)
RA1/genblk1_2_FA3/i_0_0/A2->ZN
                         OR2_X4                  ff   1157.0     44.9     44.9      0.0      5.1      0.5      6.2      2    40,   40  /PD_TOP        (1.10)
RA1/genblk1_3_FA3/h2d/i_0_0/A2->ZN
                         AND2_X4                 ff   1184.4     27.4     27.4      0.0      8.8      0.3      2.5      1    40,   40  /PD_TOP        (1.10)
RA1/genblk1_3_FA3/i_0_0/A2->ZN
                         OR2_X4                  ff   1229.3     44.9     44.9      0.0      5.1      0.5      6.2      2    40,   40  /PD_TOP        (1.10)
RA1/genblk1_4_FA3/h2d/i_0_0/A2->ZN
                         AND2_X4                 ff   1256.7     27.4     27.4      0.0      8.8      0.3      2.5      1    40,   40  /PD_TOP        (1.10)
RA1/genblk1_4_FA3/i_0_0/A2->ZN
                         OR2_X4                  ff   1301.6     44.9     44.9      0.0      5.1      0.5      6.2      2    40,   40  /PD_TOP        (1.10)
RA1/genblk1_5_FA3/h2d/i_0_0/A2->ZN
                         AND2_X4                 ff   1329.0     27.4     27.4      0.0      8.8      0.3      2.5      1    40,   40  /PD_TOP        (1.10)
RA1/genblk1_5_FA3/i_0_0/A2->ZN
                         OR2_X4                  ff   1373.9     44.9     44.9      0.0      5.1      0.5      6.2      2    40,   40  /PD_TOP        (1.10)
RA1/genblk1_6_FA3/h2d/i_0_0/A2->ZN
                         AND2_X4                 ff   1401.3     27.4     27.4      0.0      8.8      0.3      2.5      1    40,   40  /PD_TOP        (1.10)
RA1/genblk1_6_FA3/i_0_0/A2->ZN
                         OR2_X4                  ff   1446.2     44.9     44.9      0.0      5.1      0.5      6.2      2    40,   40  /PD_TOP        (1.10)
RA1/genblk1_7_FA3/h2d/i_0_0/A2->ZN
                         AND2_X4                 ff   1473.6     27.4     27.4      0.0      8.8      0.3      2.5      1    40,   40  /PD_TOP        (1.10)
RA1/genblk1_7_FA3/i_0_0/A2->ZN
                         OR2_X4                  ff   1518.5     44.9     44.9      0.0      5.1      0.5      6.2      2    40,   40  /PD_TOP        (1.10)
RA1/genblk1_8_FA3/h2d/i_0_0/A2->ZN
                         AND2_X4                 ff   1545.9     27.4     27.4      0.0      8.8      0.3      2.5      1    40,   40  /PD_TOP        (1.10)
RA1/genblk1_8_FA3/i_0_0/A2->ZN
                         OR2_X4                  ff   1590.8     44.9     44.9      0.0      5.1      0.5      6.2      2    40,   40  /PD_TOP        (1.10)
RA1/genblk1_9_FA3/h2d/i_0_0/A2->ZN
                         AND2_X4                 ff   1618.2     27.4     27.4      0.0      8.8      0.3      2.5      1    40,   40  /PD_TOP        (1.10)
RA1/genblk1_9_FA3/i_0_0/A2->ZN
                         OR2_X4                  ff   1663.1     44.9     44.9      0.0      5.1      0.5      6.2      2    40,   40  /PD_TOP        (1.10)
RA1/genblk1_10_FA3/h2d/i_0_0/A2->ZN
                         AND2_X4                 ff   1690.5     27.4     27.4      0.0      8.8      0.3      2.5      1    40,   40  /PD_TOP        (1.10)
RA1/genblk1_10_FA3/i_0_0/A2->ZN
                         OR2_X4                  ff   1735.4     44.9     44.9      0.0      5.1      0.5      6.2      2    40,   40  /PD_TOP        (1.10)
RA1/genblk1_11_FA3/h2d/i_0_0/A2->ZN
                         AND2_X4                 ff   1762.8     27.4     27.4      0.0      8.8      0.3      2.5      1    40,   40  /PD_TOP        (1.10)
RA1/genblk1_11_FA3/i_0_0/A2->ZN
                         OR2_X4                  ff   1807.7     44.9     44.9      0.0      5.1      0.5      6.2      2    40,   40  /PD_TOP        (1.10)
RA1/genblk1_12_FA3/h2d/i_0_0/A2->ZN
                         AND2_X4                 ff   1835.1     27.4     27.4      0.0      8.8      0.3      2.5      1    40,   40  /PD_TOP        (1.10)
RA1/genblk1_12_FA3/i_0_0/A2->ZN
                         OR2_X4                  ff   1880.0     44.9     44.9      0.0      5.1      0.5      6.2      2    40,   40  /PD_TOP        (1.10)
RA1/genblk1_13_FA3/h2d/i_0_0/A2->ZN
                         AND2_X4                 ff   1907.4     27.4     27.4      0.0      8.8      0.3      2.5      1    40,   40  /PD_TOP        (1.10)
RA1/genblk1_13_FA3/i_0_0/A2->ZN
                         OR2_X4                  ff   1952.3     44.9     44.9      0.0      5.1      0.5      6.2      2    40,   40  /PD_TOP        (1.10)
RA1/genblk1_14_FA3/h2d/i_0_0/A2->ZN
                         AND2_X4                 ff   1979.7     27.4     27.4      0.0      8.8      0.3      2.5      1    40,   40  /PD_TOP        (1.10)
RA1/genblk1_14_FA3/i_0_0/A2->ZN
                         OR2_X4                  ff   2024.6     44.9     44.9      0.0      5.1      0.5      6.2      2    40,   40  /PD_TOP        (1.10)
RA1/genblk1_15_FA2/h2d/i_0_0/A2->ZN
                         AND2_X4                 ff   2052.0     27.4     27.4      0.0      8.8      0.3      2.5      1    40,   40  /PD_TOP        (1.10)
RA1/genblk1_15_FA2/i_0_0/A2->ZN
                         OR2_X4                  ff   2096.7     44.7     44.7      0.0      5.1      0.5      5.9      2    40,   40  /PD_TOP        (1.10)
genblk1_0_HA/i_0_0/A1->ZN
                         AND2_X4                 ff   2123.9     27.2     27.2      0.0      8.7      0.5      6.2      2    40,   40  /PD_TOP        (1.10)
genblk1_1_HA2/i_0_0/A2->ZN
                         AND2_X4                 ff   2152.1     28.2     28.2      0.0      6.1      0.5      6.2      2    40,   40  /PD_TOP        (1.10)
genblk1_2_HA2/i_0_0/A2->ZN
                         AND2_X4                 ff   2180.3     28.2     28.2      0.0      6.1      0.5      6.2      2    40,   40  /PD_TOP        (1.10)
genblk1_3_HA2/i_0_0/A2->ZN
                         AND2_X4                 ff   2208.5     28.2     28.2      0.0      6.1      0.5      6.2      2    40,   40  /PD_TOP        (1.10)
genblk1_4_HA2/i_0_0/A2->ZN
                         AND2_X4                 ff   2236.7     28.2     28.2      0.0      6.1      0.5      6.2      2    40,   40  /PD_TOP        (1.10)
genblk1_5_HA2/i_0_0/A2->ZN
                         AND2_X4                 ff   2264.9     28.2     28.2      0.0      6.1      0.5      6.2      2    40,   40  /PD_TOP        (1.10)
genblk1_6_HA2/i_0_0/A2->ZN
                         AND2_X4                 ff   2293.1     28.2     28.2      0.0      6.1      0.5      6.2      2    40,   40  /PD_TOP        (1.10)
genblk1_7_HA2/i_0_0/A2->ZN
                         AND2_X4                 ff   2321.3     28.2     28.2      0.0      6.1      0.5      6.2      2    40,   40  /PD_TOP        (1.10)
genblk1_8_HA2/i_0_0/A2->ZN
                         AND2_X4                 ff   2349.5     28.2     28.2      0.0      6.1      0.5      6.2      2    40,   40  /PD_TOP        (1.10)
genblk1_9_HA2/i_0_0/A2->ZN
                         AND2_X4                 ff   2377.7     28.2     28.2      0.0      6.1      0.5      6.2      2    40,   40  /PD_TOP        (1.10)
genblk1_10_HA2/i_0_0/A2->ZN
                         AND2_X4                 ff   2405.9     28.2     28.2      0.0      6.1      0.5      6.2      2    40,   40  /PD_TOP        (1.10)
genblk1_11_HA2/i_0_0/A2->ZN
                         AND2_X4                 ff   2434.1     28.2     28.2      0.0      6.1      0.5      6.2      2    40,   40  /PD_TOP        (1.10)
genblk1_12_HA2/i_0_0/A2->ZN
                         AND2_X4                 ff   2462.3     28.2     28.2      0.0      6.1      0.5      6.2      2    40,   40  /PD_TOP        (1.10)
genblk1_13_HA2/i_0_0/A2->ZN
                         AND2_X4                 ff   2490.5     28.2     28.2      0.0      6.1      0.5      6.2      2    40,   40  /PD_TOP        (1.10)
genblk1_14_HA2/i_0_0/A2->ZN
                         AND2_X4                 ff   2518.7     28.2     28.2      0.0      6.1      0.5      6.2      2    40,   40  /PD_TOP        (1.10)
genblk1_15_HA2/i_0_0/A2->ZN
                         AND2_X4                 ff   2544.7     26.0     26.0      0.0      6.1      0.3      2.4      1    40,   40  /PD_TOP        (1.10)
i_0_0_0/A1->ZN           OR2_X4                  ff   2588.3     43.6     43.6      0.0      5.1      2.5     12.5      1    40,   40  /PD_TOP        (1.10)
sum[32]                                           f   2588.6      0.3               0.3     10.5                              0,   37                       
------------------------------------------------------------------------------------------------------------------------------------------------------------
Report for group R2O
